[backblue.gif]
[fade.gif]
[index.html]
[covid-19.ontario.ca/covid-landing-page/assets/favicon.ico]
[covid-19.ontario.ca/covid-landing-page/assets/logo-ontario@2x.png]
[cdnjs.cloudflare.com/ajax/libs/jquery/3.4.1/jquery.min.js]
[covid-19.ontario.ca/index.html]
[www.googletagmanager.com/gtm5445.html]
[covid-19.ontario.ca/covid-landing-page/vendor/foundation-6-off-canvas.css]
[cdn.jsdelivr.net/npm/foundation-sites@6.4.3/dist/js/foundation.min.js]
[covid-19.ontario.ca/covid-landing-page/ontario-theme/assets/fonts/open-sans-400/open-sans-400.woff2]
[covid-19.ontario.ca/covid-landing-page/ontario-theme/assets/fonts/open-sans-400/open-sans-400.woff]
[covid-19.ontario.ca/covid-landing-page/ontario-theme/assets/fonts/open-sans-600/open-sans-600.woff2]
[covid-19.ontario.ca/covid-landing-page/ontario-theme/assets/fonts/open-sans-600/open-sans-600.woff]
[covid-19.ontario.ca/covid-landing-page/ontario-theme/assets/fonts/open-sans-400--italic/open-sans-400--italic.woff2]
[covid-19.ontario.ca/covid-landing-page/ontario-theme/assets/fonts/open-sans-400--italic/open-sans-400--italic.woff]
[covid-19.ontario.ca/covid-landing-page/ontario-theme/assets/fonts/raleway-modified-400/raleway-modified-400.woff2]
[covid-19.ontario.ca/covid-landing-page/ontario-theme/assets/fonts/raleway-modified-400/raleway-modified-400.woff]
[covid-19.ontario.ca/covid-landing-page/ontario-theme/assets/fonts/raleway-modified-600/raleway-modified-600.woff2]
[covid-19.ontario.ca/covid-landing-page/ontario-theme/assets/fonts/raleway-modified-600/raleway-modified-600.woff]
[covid-19.ontario.ca/covid-landing-page/ontario-theme/assets/fonts/raleway-modified-700/raleway-modified-700.woff2]
[covid-19.ontario.ca/covid-landing-page/ontario-theme/assets/fonts/raleway-modified-700/raleway-modified-700.woff]
[covid-19.ontario.ca/covid-landing-page/ontario-theme/assets/styles/ontario-theme.css]
[covid-19.ontario.ca/covid-landing-page/covid-styles/ontario-covid-196b1c.css]
[covid-19.ontario.ca/fr/index.fr.html]
[covid-19.ontario.ca/covid-landing-page/assets/ontario-icon-menu.svg]
[covid-19.ontario.ca/covid-19-sat-assets/social_image_en.png]
[covid-19.ontario.ca/favicon.ico]
[designsystem.ontario.ca/logo-ontario@2x.png]
[covid-19.ontario.ca/covid-19-sat-assets/jquery.min.js]
[covid-19.ontario.ca/covid-19-sat-assets/assessment5bfc.js]
[covid-19.ontario.ca/self-assessment/index.html]
[covid-19.ontario.ca/covid-landing-page/assets/physical-distancing.svg]
[covid-19.ontario.ca/covid-landing-page/assets/phone.svg]
[covid-19.ontario.ca/covid-landing-page/assets/innovative-ideas.svg]
[covid-19.ontario.ca/covid-landing-page/assets/price-gouging.svg]
[covid-19.ontario.ca/covid-landing-page/ontario-theme/assets/fonts/open-sans-400/open-sans-400.svg]
[covid-19.ontario.ca/covid-landing-page/ontario-theme/assets/fonts/open-sans-600/open-sans-600.svg]
[covid-19.ontario.ca/covid-landing-page/ontario-theme/assets/fonts/open-sans-400--italic/open-sans-400--italic.svg]
[covid-19.ontario.ca/covid-landing-page/ontario-theme/assets/fonts/raleway-modified-400/raleway-modified-400.svg]
[covid-19.ontario.ca/covid-landing-page/ontario-theme/assets/fonts/raleway-modified-600/raleway-modified-600.svg]
[covid-19.ontario.ca/covid-landing-page/ontario-theme/assets/fonts/raleway-modified-700/raleway-modified-700.svg]
[covid-19.ontario.ca/covid-landing-page/ontario-theme/assets/icons/ontario-icon-checkbox-checked.svg]
[covid-19.ontario.ca/covid-landing-page/ontario-theme/assets/icons/ontario-icon-dropdown-arrow.svg]
[covid-19.ontario.ca/index-2.html]
[covid-19.ontario.ca/covid-19-sat-assets/social_image_fr.png]
[covid-19.ontario.ca/autoevaluation/index.html]
[covid-19.ontario.ca/covid-19-sat-assets/fonts/open-sans-400/open-sans-400.eot]
[covid-19.ontario.ca/covid-19-sat-assets/fonts/open-sans-400/open-sans-400.woff2]
[covid-19.ontario.ca/covid-19-sat-assets/fonts/open-sans-400/open-sans-400.woff]
[covid-19.ontario.ca/covid-19-sat-assets/fonts/open-sans-600/open-sans-600.eot]
[covid-19.ontario.ca/covid-19-sat-assets/fonts/open-sans-600/open-sans-600.woff2]
[covid-19.ontario.ca/covid-19-sat-assets/fonts/open-sans-600/open-sans-600.woff]
[covid-19.ontario.ca/covid-19-sat-assets/fonts/open-sans-400--italic/open-sans-400--italic.eot]
[covid-19.ontario.ca/covid-19-sat-assets/fonts/open-sans-400--italic/open-sans-400--italic.woff2]
[covid-19.ontario.ca/covid-19-sat-assets/fonts/open-sans-400--italic/open-sans-400--italic.woff]
[covid-19.ontario.ca/covid-19-sat-assets/fonts/raleway-modified-400/raleway-modified-400.woff2]
[covid-19.ontario.ca/covid-19-sat-assets/fonts/raleway-modified-400/raleway-modified-400.woff]
[covid-19.ontario.ca/covid-19-sat-assets/fonts/raleway-modified-700/raleway-modified-700.woff2]
[covid-19.ontario.ca/covid-19-sat-assets/fonts/raleway-modified-700/raleway-modified-700.woff]
[covid-19.ontario.ca/covid-19-sat-assets/fonts5bfc.css]
[covid-19.ontario.ca/covid-19-sat-assets/fonts/raleway-modified-600/raleway-modified-600.woff2]
[covid-19.ontario.ca/covid-19-sat-assets/fonts/raleway-modified-600/raleway-modified-600.woff]
[covid-19.ontario.ca/covid-19-sat-assets/theme5bfc.css]
[covid-19.ontario.ca/covid-19-sat-assets/style5bfc.css]
[covid-19.ontario.ca/covid-19-sat-assets/fonts/open-sans-400/open-sans-400.svg]
[covid-19.ontario.ca/covid-19-sat-assets/fonts/open-sans-600/open-sans-600.svg]
[covid-19.ontario.ca/covid-19-sat-assets/fonts/open-sans-400--italic/open-sans-400--italic.svg]
[covid-19.ontario.ca/covid-19-sat-assets/fonts/raleway-modified-400/raleway-modified-400.svg]
[covid-19.ontario.ca/covid-19-sat-assets/fonts/raleway-modified-700/raleway-modified-700.svg]
[covid-19.ontario.ca/fonts/open-sans-400--italic/open-sans-400--italic.html]
[covid-19.ontario.ca/covid-19-sat-assets/fonts/raleway-modified-600/raleway-modified-600.svg]
[covid-19.ontario.ca/fonts/raleway-modified-700/raleway-modified-700.html]
[covid-19.ontario.ca/icons/ontario-checkbox-background-no-width.html]
[covid-19.ontario.ca/icons/ontario-material-dropdown-arrow-48px.html]
[covid-19.ontario.ca/icons/ontario-material-alert-48px--red.html]
[covid-19.ontario.ca/icons/ontario-material-success-48px--green.html]
[covid-19.ontario.ca/fractal-assets/ds-supergraphic-element.html]
[covid-19.ontario.ca/covid-19-sat-assets/ontario-icon-breadcrumb.svg]
[covid-19.ontario.ca/covid-19-sat-assets/ontario-icon-warning.svg]
[covid-19.ontario.ca/covid-19-sat-assets/ontario-icon-menu.svg]
[covid-19.ontario.ca/covid-19-sat-assets/ontario-icon-back-blue.svg]
[covid-19.ontario.ca/covid-19-sat-assets/ontario-icon-information.svg]
[covid-19.ontario.ca/covid-19-sat-assets/ontario-icon-linkedin.svg]
[covid-19.ontario.ca/covid-19-sat-assets/ontario-icon-facebook.svg]
[covid-19.ontario.ca/covid-19-sat-assets/ontario-icon-twitter.svg]
[covid-19.ontario.ca/covid-19-sat-assets/ontario-icon-email.svg]
